n/image2.jpeg
n/image.jpeg
n/gettyimages-957787572.jpg
n/AdobeStock_221688877-copy.jpg
n/person-super-depressed.jpg
n/image21.jpeg
n/pablo-varela-311608.jpg
n/sad-woman.jpg
n/images7.jpg
n/ADea4I4CgV4-hlxUOAdFjyNYonWRHO6Pu4jWXKk9BJScXws64-c-mo.jpg
n/images45.jpg
n/image20.jpeg
n/getty_501650894_118886.jpg
n/sad-talks-for-sad-people-fb13.png
n/52672678._SX318_SY475_.jpg
n/images6.jpg
n/image19.jpeg
n/images44.jpg
n/original.jpg
n/images5.jpg
n/sad-person-concept-vector-26538685.jpg
n/fTw5aVC5_400x400.jpg
n/51079685_M.jpg
n/51079685_M-1280x429.jpg
n/image18.jpeg
n/maxresdefault4.jpg
n/images43.jpg
n/504212.jpg
n/images4.jpg
n/sad-people-vector-26812552.jpg
n/dreamstime_s_101440985.jpg
n/maxresdefault3.jpg
n/images42.jpg
n/images26.jpg
n/image17.jpeg
n/Depression-More-Than-Being-Sad.jpg
n/images3.jpg
n/sad-people-vector-2153909.jpg
n/image16.jpeg
n/maxresdefault2.jpg
n/images41.jpg
n/images25.jpg
n/73705bd7debb66c2afc780a22c223804.jpg
n/sad-people-png-favpng-XVec9sHvxbuQCQm0RmGgQx3bA.jpg
n/images2.jpg
n/images24.jpg
n/maxresdefault.jpg
n/Depressed-woman-covering-her-eyes.jpg
n/image15.jpeg
n/sad-people-icon-2CCHXB2.jpg
n/5360f7e3f9a01bb1aa10654514442436.500x500x1.jpg
n/images40.jpg
n/images.jpg
n/images23.jpg
n/image-20160914-4963-19knfh1.jpg
n/de2a0f4d137d0aeb839d43a2ea9b6c72.jpg
n/Sad-People-Bad-People-Luckie-1050x700.jpg
n/Make-someone-sad-happy.jpg
n/1000_F_58495935_Nr9VzQljLyN3RKKhGDGxQDBEkqIeLzrZ.jpg
n/images22.jpg
n/images39.jpg
n/image14.jpeg
n/images21.jpg
n/landscape-4209944_1280.jpg
n/DD-blogpost-SAD-940x492.png
n/images38.jpg
n/image13.jpeg
n/766x415_Depression_vs_Sadness.jpg
n/sad-people.jpg
n/images20.jpg
n/405-4050267_sad-people-png-sad-person-transparent-background-png.png
n/iStock-174971863.jpg
n/image32.png
n/images37.jpg
n/dark-depression-mood-people-wallpaper-preview.jpg
n/image12.jpeg
n/images19.jpg
n/sadness-inside-out-today-main-tease-191018.jpg
n/image31.png
n/images36.jpg
n/images18.jpg
n/280-2804580_sad-people-png-sad-person-png-transparent-png.png
n/Crying-girl.jpg
n/iStock_000001932580XSmall.jpg
n/image30.png
n/image11.jpeg
n/sadness.jpg
n/images35.jpg
n/images17.jpg
n/8iAb9k4aT.jpg
n/isolated-girl-crying-over-makeup-sad-person-concept-isolated-white-174239618.jpg
n/image29.jpeg
n/image10.jpeg
n/images16.jpg
n/images34.jpg
n/sad-more-money.jpg
n/crying-at-work.jpg
n/sad-looking-man.jpg
n/images33.jpg
n/images52.jpg
n/images15.jpg
n/image28.jpeg
n/image9.jpeg
n/boy-with-head-down.jpg
n/7RNXwSxCAKL8vGtXG2ZkyD.jpg
n/images32.jpg
n/image27.jpeg
n/images14.jpg
n/images51.jpg
n/sad-human-figure-depression-concept-drawing-frank-ramspott.jpg
n/image8.jpeg
n/6-Best-and-worst-things-to-say.jpg
n/b11b520b0818895ae5563d1e70294052.jpg
n/image7.jpeg
n/images50.jpg
n/sad-group-people-problems-17033671.jpg
n/images13.jpg
n/image26.jpeg
n/images31.jpg
n/images12.jpg
n/0x0.jpg
n/b2ap3_large_happy-sad-unsplash-850x575.jpg
n/images30.jpg
n/image25.jpeg
n/sad-depressed-man.jpg
n/image6.jpeg
n/images49.jpg
n/images11.jpg
n/vh6to.jpg
n/at-home-sad-sofa-300x200.jpg
n/sad-big-SS.jpg
n/images29.jpg
n/image24.jpeg
n/images10.jpg
n/image5.jpeg
n/images48.jpg
n/SAD.jpg
n/smiling-man-crowd-sad-people-vector-58533122.jpg
n/artworks-pQBql6xWFe6JFOp4-FRtE5g-t500x500.jpg
n/images28.jpg
n/images47.jpg
n/image4.jpeg
n/images9.jpg
n/image23.jpeg
n/running-mascara.jpg
n/screen-shot-2014-07-31-at-6-09-12-pm.png
n/image3.jpeg
n/images46.jpg
n/images8.jpg
n/artworks-inq7uS3bz9CqNd3d-fqs6TA-t500x500.jpg
n/image22.jpeg
n/images27.jpg